// Jest Snapshot v1, https://goo.gl/fbAQLP

exports[`Should Render Runtime Mgmt Container 1`] = `
<div>
  <Menu />
  <WithStyles(ForwardRef(Container))>
    <Title
      color="secondary"
      title="Runtime Page"
    />
  </WithStyles(ForwardRef(Container))>
</div>
`;
