// Jest Snapshot v1, https://goo.gl/fbAQLP

exports[`Should Render Menu 1`] = `
<Hidden
  only={
    Array [
      "xs",
    ]
  }
>
  <div
    className="makeStyles-root-1"
  >
    <WithStyles(ForwardRef(Drawer))
      classes={
        Object {
          "paper": "makeStyles-drawerPaper-2",
        }
      }
      open={true}
      variant="permanent"
    >
      <div>
        <WithStyles(ForwardRef(List))>
          <WithStyles(ForwardRef(ListItem))
            button={true}
            key="Configuration"
          >
            <Link
              to="/configuration"
            >
              <SettingsIcon
                color="primary"
              />
              <WithStyles(ForwardRef(Typography))
                align="center"
                color="primary"
              >
                Configuration
              </WithStyles(ForwardRef(Typography))>
            </Link>
          </WithStyles(ForwardRef(ListItem))>
          <WithStyles(ForwardRef(ListItem))
            button={true}
            key="Monitor"
          >
            <Link
              to="/monitor"
            >
              <TimelineIcon
                color="primary"
              />
              <WithStyles(ForwardRef(Typography))
                align="center"
                color="primary"
              >
                Monitor
              </WithStyles(ForwardRef(Typography))>
            </Link>
          </WithStyles(ForwardRef(ListItem))>
          <WithStyles(ForwardRef(ListItem))
            button={true}
            key="Runtime"
          >
            <Link
              to="/runtime"
            >
              <AutorenewIcon
                color="primary"
              />
              <WithStyles(ForwardRef(Typography))
                align="center"
                color="primary"
              >
                Runtime
              </WithStyles(ForwardRef(Typography))>
            </Link>
          </WithStyles(ForwardRef(ListItem))>
        </WithStyles(ForwardRef(List))>
      </div>
    </WithStyles(ForwardRef(Drawer))>
  </div>
</Hidden>
`;
